// Jest Snapshot v1, https://goo.gl/fbAQLP

exports[`The Order Tracking App renders without crashing 1`] = `
<div
  class="app"
>
  <div
    class="order-tracking container"
  >
    <header>
      <button
        class="status-button stopped btn btn-success"
        type="button"
      >
        Start
      </button>
      <span
        class="simulation-status"
      >
        simulation: stopped
      </span>
      <span
        class="server-status"
      >
        server: 
        <span
          class="circle "
        />
      </span>
      <span
        class="time-threshold"
      >
        <form
          class=""
        >
          <label
            class="form-label"
          >
            cook threshold
          </label>
          <select
            class="form-control"
          >
            <option
              value="5"
            >
              5
            </option>
            <option
              value="10"
            >
              10
            </option>
            <option
              value="15"
            >
              15
            </option>
            <option
              value="20"
            >
              20
            </option>
          </select>
        </form>
      </span>
    </header>
    <div
      class="row panel"
    >
      <div
        class="col-md-6 border panel active"
      >
        <div
          class="status-bar"
        >
          <h3>
            Orders
          </h3>
          <div
            class="dropdown"
          >
            <button
              class="btn btn-primary"
              type="button"
            >
              Filter 
              <svg
                aria-hidden="true"
                class="svg-inline--fa fa-sort-down fa-w-10 "
                data-icon="sort-down"
                data-prefix="fas"
                focusable="false"
                role="img"
                viewBox="0 0 320 512"
                xmlns="http://www.w3.org/2000/svg"
              >
                <path
                  d="M41 288h238c21.4 0 32.1 25.9 17 41L177 448c-9.4 9.4-24.6 9.4-33.9 0L24 329c-15.1-15.1-4.4-41 17-41z"
                  fill="currentColor"
                />
              </svg>
            </button>
          </div>
        </div>
        <p>
          There are no orders
        </p>
      </div>
      <div
        class="col-md-6 border panel history"
      >
        <div
          class="status-bar"
        >
          <h3>
            History
          </h3>
          <div
            class="dropdown"
          >
            <button
              class="btn btn-primary"
              type="button"
            >
              Filter 
              <svg
                aria-hidden="true"
                class="svg-inline--fa fa-sort-down fa-w-10 "
                data-icon="sort-down"
                data-prefix="fas"
                focusable="false"
                role="img"
                viewBox="0 0 320 512"
                xmlns="http://www.w3.org/2000/svg"
              >
                <path
                  d="M41 288h238c21.4 0 32.1 25.9 17 41L177 448c-9.4 9.4-24.6 9.4-33.9 0L24 329c-15.1-15.1-4.4-41 17-41z"
                  fill="currentColor"
                />
              </svg>
            </button>
          </div>
        </div>
        <p>
          There is no history
        </p>
      </div>
    </div>
  </div>
</div>
`;
